# -*- coding: utf-8 -*-
"""
Created on Mon Nov 26 17:49:15 2018

@author: pierog
"""

OLD TESTS
----------------

model_train_basename = 'unet_vgg16_greenhouse_v2'  # From scratch on 14/09/2018, no vgg16, lr: 1e-5 -> result 1 epoch: loss: 0.69
model_train_basename = 'unet_vgg16_greenhouse_v3'  # From scratch on 14/09/2018, vgg16 4 layers, lr: 1e-5 -> result 1 epoch: val_loss: 0.317, jaccard_it: 0.2975, val_jacard_int: 0.6678
model_train_basename = 'unet_vgg16_greenhouse_v4'  # From scratch on 14/09/2018, vgg16 4 layers, lr: 1e-3 -> result 1 epoch: val_loss: 0.70
model_train_basename = 'unet_vgg16_greenhouse_v5'  # From scratch on 14/09/2018, vgg16 4 layers, lr: 1e-4 -> result 1 epoch: val_loss: 0.69
model_train_basename = 'unet_vgg16_greenhouse_v1'  # From scratch on ??/??/2018, vgg16 1 layer, lr: 1e-4

NEW TESTS
----------------
model_train_basename = 'greenhouse_unet_vgg16_v2'  
    -> Start 26/11/2018, zhixuhao unet, init with vgg16 4 layers, lr: 1e-4, loss: binary_crossentropy
    -> Evolution:
        -> epoch 001: val_loss: 0.69220, loss: 0.83392
        -> epoch 030: val_loss: 0.66556, loss: 0.64396
        -> epoch 150: val_loss: 0.66556, loss: 0.64396
model_train_basename = 'greenhouse_unet_vgg16_v3'  
    -> Start 27/11/2018, zhixuhao unet, init with vgg16 4 layers, lr: 1e-3, loss: binary_crossentropy
    -> VERY BAD!
    -> Evolution:
        -> epoch 001: val_loss: 4.86134, loss: 2.5085
        -> epoch 007: val_loss: 4.86134, loss: 2.4
        -> stopped improving!
model_train_basename = 'greenhouse_unet_vgg16_v4'  
    -> Start 27/11/2018, zhixuhao unet, init with vgg16 4 layers, lr: 1e-5, loss: binary_crossentropy
    -> VERY BAD
    -> Evolution:
        -> epoch 001: val_loss: 4.84866, loss: 2.50
        -> epoch 007: val_loss: 4.84866, loss: 2.465
        -> stopped improving!
model_train_basename = 'greenhouse_unet_vgg16_v5'  
    -> Start 26/11/2018, zhixuhao unet, init with vgg16 4 layers, lr: 1e-4, loss: bcedice
    -> BAD!
    -> Evolution: evolution stopped quite early...
model_train_basename = 'greenhouse_unet_ternaus_v5'  
    -> Start  30/11/2018, ternaus unet, lr: 1e-4, loss: jaccard_coef_loss
    -> Not so good!
    -> Evolution: evolution stopped quite early...
model_train_basename = 'greenhouse_unet_zhix_v2'  
    -> Start 26/11/2018, zhixuhao unet, NO init, lr: 1e-4, binary_crossentropy
    -> VERY BAD
    -> Evolution: evolution stopped quite early:
        -> at 1000 epochs: jaccard_coef_int: 0.1474, val_jaccard_coef_int: 0.1446, loss: 0.4838

